treemgr agent.devman.extvars.aleosstub
#------------------------------------------------------------------------------
#- Copyright (c) 2012 Sierra Wireless and others.
#- All rights reserved. This program and the accompanying materials
#- are made available under the terms of the Eclipse Public License v1.0
#- which accompanies this distribution, and is available at
#- http://www.eclipse.org/legal/epl-v10.html
#-
#- Contributors:
#-     Fabien Fleutot     for Sierra Wireless - initial API and implementation
#------------------------------------------------------------------------------

# Root mapping, giving access to aleos variables by numeric id
aleos=

# Symbolic mapping, each aleos var mapped to its logical name.
# cf. header "MCSIDs.h" for identifier / meaning mapping.
system.net.state=259
system.net.channel=260
system.net.rssi=261
system.net.service=264
system.net.link_state=271
system.net.ip=301
system.gps.lat=902
system.gps.long=903
system.gps.speed=905
system.gps.heading=904
system.gps.altitude=10915
system.gps.time_hh=10916
system.gps.time_mm=10917
system.gps.time_ss=10918
system.gps.sat_cnt=901
system.gps.qual=900
system.gps.fix=10922
tests.extvars.double=2000
tests.extvars.bool=2001
tests.extvars.string=2002
